{"id":"7","createdAt":"2021-06-13T15:02:11.590Z","name":"name 7","email":"email 7"}